// Jest Snapshot v1, https://goo.gl/fbAQLP

exports[`SearchResults empty searchResults array snapshot 1`] = `
<DocumentFragment>
  <p>
    No results
  </p>
</DocumentFragment>
`;

exports[`SearchResults with non-empty searchResults array snapshot 1`] = `
<DocumentFragment>
  <div
    class="card-container"
  >
    <img
      alt="search result"
      class="card-image"
      src="1"
    />
    <img
      alt="search result"
      class="card-image"
      src="2"
    />
  </div>
</DocumentFragment>
`;
